2023-02-13 16:31:49.909825 : Command '['ssh', 'log@192.168.203.74', 'ls', '-tlhgGd', '--time-style=long-iso', '`locate', '-d', '/data/locate.db', '-i', 'P81263035013201E`', '|', 'grep', "'^-'"]' returned non-zero exit status 1.2023-02-13 16:32:18.646231 : Command '['ssh', 'log@192.168.203.74', 'ls', '-tlhgGd', '--time-style=long-iso', '`locate', '-d', '/data/locate.db', '-i', 'P81263035000101E`', '|', 'grep', "'^-'"]' returned non-zero exit status 1.2023-02-13 16:33:17.459137 : Command '['ssh', 'log@192.168.203.74', 'ls', '-tlhgGd', '--time-style=long-iso', '`locate', '-d', '/data/locate.db', '-i', 'P81263035012901E`', '|', 'grep', "'^-'"]' returned non-zero exit status 1.
2023-02-13 16:33:51.487327 : Command '['ssh', 'log@192.168.203.74', 'ls', '-tlhgGd', '--time-style=long-iso', '`locate', '-d', '/data/locate.db', '-i', 'P81263017039601E`', '|', 'grep', "'^-'"]' returned non-zero exit status 1.
2023-02-13 16:35:58.811482 : Command '['ssh', 'log@192.168.203.74', 'ls', '-tlhgGd', '--time-style=long-iso', '`locate', '-d', '/data/locate.db', '-i', 'P11413047008301E`', '|', 'grep', "'^-'"]' returned non-zero exit status 1.
2023-02-13 16:36:21.614268 : Command '['ssh', 'log@192.168.203.74', 'ls', '-tlhgGd', '--time-style=long-iso', '`locate', '-d', '/data/locate.db', '-i', 'P11413047008401E`', '|', 'grep', "'^-'"]' returned non-zero exit status 1.
2023-02-13 16:36:40.424074 : Command '['ssh', 'log@192.168.203.74', 'ls', '-tlhgGd', '--time-style=long-iso', '`locate', '-d', '/data/locate.db', '-i', 'P11413053001601E`', '|', 'grep', "'^-'"]' returned non-zero exit status 1.
2023-02-13 16:40:08.666267 : Command '['ssh', 'log@192.168.203.74', 'ls', '-tlhgGd', '--time-style=long-iso', '`locate', '-d', '/data/locate.db', '-i', 'P11413053001001E`', '|', 'grep', "'^-'"]' returned non-zero exit status 1.
